// Jest Snapshot v1, https://goo.gl/fbAQLP

exports[`GifItem Debe coincidir con el snapshot 1`] = `
<div>
  <div
    class="card"
  >
    <img
      alt="title"
      src="url"
    />
    <p>
      title
    </p>
  </div>
</div>
`;
